{
  "account": "",
  "auto_name": false,
  "can_fork": false,
  "can_restart": true,
  "claude_session_id": "",
  "created_at": "<TIMESTAMP>",
  "group": "my-sessions",
  "hook_status": "",
  "hook_status_fresh": false,
  "id": "golden-sess-1",
  "no_transition_notify": false,
  "order": 0,
  "parent_project_path": "",
  "parent_session_id": "",
  "path": "/repo/app",
  "pin": "",
  "profile": "goldens",
  "row_binding_token": "rb1_U15IxgAuc7_cc521P9Oq3YZjdsKJ68eJl7nb9tfzn-s",
  "status": "error",
  "substate": "unknown-exit",
  "title": "claude idle",
  "title_locked": false,
  "tmux_session": "ad-golden-sess-1",
  "tool": "claude",
  "viewers": [],
  "wrapper": ""
}
